0	7626	/home/lol/dl/dlbp/image/examples/strawberry/strawberry_040.jpg
1	9288	/home/lol/dl/dlbp/image/examples/strawberry/strawberry_150.jpg
2	7626	/home/lol/dl/dlbp/image/examples/strawberry/strawberry_184.jpg
3	7626	/home/lol/dl/dlbp/image/examples/strawberry/strawberry_278.jpg
4	7626	/home/lol/dl/dlbp/image/examples/strawberry/strawberry_117.jpg
5	4139	/home/lol/dl/dlbp/image/examples/strawberry/strawberry_027.jpg
6	7589	/home/lol/dl/dlbp/image/examples/strawberry/strawberry_199.jpg
7	9598	/home/lol/dl/dlbp/image/examples/strawberry/strawberry_026.jpg
8	4139	/home/lol/dl/dlbp/image/examples/strawberry/strawberry_048.jpg
9	7626	/home/lol/dl/dlbp/image/examples/strawberry/strawberry_253.jpg
10	7626	/home/lol/dl/dlbp/image/examples/strawberry/strawberry_222.jpg
11	7626	/home/lol/dl/dlbp/image/examples/strawberry/strawberry_206.jpg
12	7626	/home/lol/dl/dlbp/image/examples/strawberry/strawberry_140.jpg
13	7626	/home/lol/dl/dlbp/image/examples/strawberry/strawberry_250.jpg
14	7626	/home/lol/dl/dlbp/image/examples/strawberry/strawberry_200.jpg
15	7626	/home/lol/dl/dlbp/image/examples/strawberry/strawberry_325.jpg
16	7626	/home/lol/dl/dlbp/image/examples/strawberry/strawberry_097.jpg
17	4139	/home/lol/dl/dlbp/image/examples/strawberry/strawberry_112.jpg
18	11057	/home/lol/dl/dlbp/image/examples/strawberry/strawberry_061.jpg
19	7626	/home/lol/dl/dlbp/image/examples/strawberry/strawberry_182.jpg
20	7626	/home/lol/dl/dlbp/image/examples/strawberry/strawberry_137.jpg
21	7626	/home/lol/dl/dlbp/image/examples/strawberry/strawberry_095.jpg
22	7626	/home/lol/dl/dlbp/image/examples/strawberry/strawberry_186.jpg
23	4139	/home/lol/dl/dlbp/image/examples/strawberry/strawberry_062.jpg
24	4139	/home/lol/dl/dlbp/image/examples/strawberry/strawberry_022.jpg
25	7626	/home/lol/dl/dlbp/image/examples/strawberry/strawberry_249.jpg
26	7626	/home/lol/dl/dlbp/image/examples/strawberry/strawberry_237.jpg
27	7651	/home/lol/dl/dlbp/image/examples/strawberry/strawberry_036.jpg
28	7626	/home/lol/dl/dlbp/image/examples/strawberry/strawberry_104.jpg
29	7651	/home/lol/dl/dlbp/image/examples/strawberry/strawberry_073.jpg
30	7626	/home/lol/dl/dlbp/image/examples/strawberry/strawberry_295.jpg
31	5401	/home/lol/dl/dlbp/image/examples/strawberry/strawberry_008.jpg
32	7626	/home/lol/dl/dlbp/image/examples/strawberry/strawberry_277.jpg
33	4139	/home/lol/dl/dlbp/image/examples/strawberry/strawberry_047.jpg
34	7626	/home/lol/dl/dlbp/image/examples/strawberry/strawberry_166.jpg
35	4139	/home/lol/dl/dlbp/image/examples/strawberry/strawberry_092.jpg
36	4139	/home/lol/dl/dlbp/image/examples/strawberry/strawberry_083.jpg
37	4139	/home/lol/dl/dlbp/image/examples/strawberry/strawberry_002.jpg
38	7626	/home/lol/dl/dlbp/image/examples/strawberry/strawberry_220.jpg
39	7626	/home/lol/dl/dlbp/image/examples/strawberry/strawberry_327.jpg
40	7626	/home/lol/dl/dlbp/image/examples/strawberry/strawberry_198.jpg
41	11127	/home/lol/dl/dlbp/image/examples/strawberry/strawberry_177.jpg
42	7626	/home/lol/dl/dlbp/image/examples/strawberry/strawberry_210.jpg
43	7626	/home/lol/dl/dlbp/image/examples/strawberry/strawberry_020.jpg
44	7626	/home/lol/dl/dlbp/image/examples/strawberry/strawberry_103.jpg
45	7626	/home/lol/dl/dlbp/image/examples/strawberry/strawberry_274.jpg
46	7626	/home/lol/dl/dlbp/image/examples/strawberry/strawberry_227.jpg
47	10432	/home/lol/dl/dlbp/image/examples/strawberry/strawberry_051.jpg
48	7651	/home/lol/dl/dlbp/image/examples/strawberry/strawberry_066.jpg
49	7626	/home/lol/dl/dlbp/image/examples/strawberry/strawberry_065.jpg
50	7626	/home/lol/dl/dlbp/image/examples/strawberry/strawberry_241.jpg
51	7626	/home/lol/dl/dlbp/image/examples/strawberry/strawberry_266.jpg
52	7626	/home/lol/dl/dlbp/image/examples/strawberry/strawberry_343.jpg
53	7626	/home/lol/dl/dlbp/image/examples/strawberry/strawberry_282.jpg
54	7626	/home/lol/dl/dlbp/image/examples/strawberry/strawberry_333.jpg
55	7626	/home/lol/dl/dlbp/image/examples/strawberry/strawberry_256.jpg
56	7626	/home/lol/dl/dlbp/image/examples/strawberry/strawberry_326.jpg
57	7626	/home/lol/dl/dlbp/image/examples/strawberry/strawberry_230.jpg
58	7626	/home/lol/dl/dlbp/image/examples/strawberry/strawberry_054.jpg
59	7626	/home/lol/dl/dlbp/image/examples/strawberry/strawberry_217.jpg
60	7626	/home/lol/dl/dlbp/image/examples/strawberry/strawberry_167.jpg
61	7626	/home/lol/dl/dlbp/image/examples/strawberry/strawberry_340.jpg
62	7626	/home/lol/dl/dlbp/image/examples/strawberry/strawberry_216.jpg
63	4139	/home/lol/dl/dlbp/image/examples/strawberry/strawberry_030.jpg
64	10432	/home/lol/dl/dlbp/image/examples/strawberry/strawberry_049.jpg
65	7626	/home/lol/dl/dlbp/image/examples/strawberry/strawberry_080.jpg
66	4139	/home/lol/dl/dlbp/image/examples/strawberry/strawberry_005.jpg
67	7626	/home/lol/dl/dlbp/image/examples/strawberry/strawberry_039.jpg
68	7626	/home/lol/dl/dlbp/image/examples/strawberry/strawberry_346.jpg
69	7626	/home/lol/dl/dlbp/image/examples/strawberry/strawberry_349.jpg
70	7626	/home/lol/dl/dlbp/image/examples/strawberry/strawberry_348.jpg
71	7626	/home/lol/dl/dlbp/image/examples/strawberry/strawberry_178.jpg
72	7626	/home/lol/dl/dlbp/image/examples/strawberry/strawberry_287.jpg
73	7626	/home/lol/dl/dlbp/image/examples/strawberry/strawberry_033.jpg
74	7626	/home/lol/dl/dlbp/image/examples/strawberry/strawberry_110.jpg
75	7626	/home/lol/dl/dlbp/image/examples/strawberry/strawberry_315.jpg
76	7626	/home/lol/dl/dlbp/image/examples/strawberry/strawberry_259.jpg
77	7626	/home/lol/dl/dlbp/image/examples/strawberry/strawberry_267.jpg
78	7626	/home/lol/dl/dlbp/image/examples/strawberry/strawberry_309.jpg
79	7536	/home/lol/dl/dlbp/image/examples/strawberry/strawberry_079.jpg
80	7626	/home/lol/dl/dlbp/image/examples/strawberry/strawberry_194.jpg
81	7626	/home/lol/dl/dlbp/image/examples/strawberry/strawberry_276.jpg
82	4139	/home/lol/dl/dlbp/image/examples/strawberry/strawberry_071.jpg
83	7626	/home/lol/dl/dlbp/image/examples/strawberry/strawberry_324.jpg
84	4139	/home/lol/dl/dlbp/image/examples/strawberry/strawberry_070.jpg
85	7626	/home/lol/dl/dlbp/image/examples/strawberry/strawberry_232.jpg
86	7626	/home/lol/dl/dlbp/image/examples/strawberry/strawberry_179.jpg
87	7626	/home/lol/dl/dlbp/image/examples/strawberry/strawberry_143.jpg
88	7626	/home/lol/dl/dlbp/image/examples/strawberry/strawberry_292.jpg
89	7626	/home/lol/dl/dlbp/image/examples/strawberry/strawberry_148.jpg
90	11075	/home/lol/dl/dlbp/image/examples/strawberry/strawberry_007.jpg
91	7626	/home/lol/dl/dlbp/image/examples/strawberry/strawberry_193.jpg
92	7626	/home/lol/dl/dlbp/image/examples/strawberry/strawberry_314.jpg
93	7626	/home/lol/dl/dlbp/image/examples/strawberry/strawberry_316.jpg
94	7626	/home/lol/dl/dlbp/image/examples/strawberry/strawberry_298.jpg
95	5401	/home/lol/dl/dlbp/image/examples/strawberry/strawberry_056.jpg
96	7626	/home/lol/dl/dlbp/image/examples/strawberry/strawberry_322.jpg
97	7626	/home/lol/dl/dlbp/image/examples/strawberry/strawberry_304.jpg
98	7626	/home/lol/dl/dlbp/image/examples/strawberry/strawberry_319.jpg
99	7626	/home/lol/dl/dlbp/image/examples/strawberry/strawberry_275.jpg
100	7626	/home/lol/dl/dlbp/image/examples/strawberry/strawberry_244.jpg
101	5572	/home/lol/dl/dlbp/image/examples/strawberry/strawberry_057.jpg
102	4139	/home/lol/dl/dlbp/image/examples/strawberry/strawberry_041.jpg
103	7626	/home/lol/dl/dlbp/image/examples/strawberry/strawberry_305.jpg
104	7626	/home/lol/dl/dlbp/image/examples/strawberry/strawberry_242.jpg
105	7626	/home/lol/dl/dlbp/image/examples/strawberry/strawberry_258.jpg
106	7626	/home/lol/dl/dlbp/image/examples/strawberry/strawberry_221.jpg
107	7626	/home/lol/dl/dlbp/image/examples/strawberry/strawberry_353.jpg
108	4139	/home/lol/dl/dlbp/image/examples/strawberry/strawberry_075.jpg
109	7626	/home/lol/dl/dlbp/image/examples/strawberry/strawberry_286.jpg
110	11127	/home/lol/dl/dlbp/image/examples/strawberry/strawberry_135.jpg
111	7626	/home/lol/dl/dlbp/image/examples/strawberry/strawberry_131.jpg
112	7626	/home/lol/dl/dlbp/image/examples/strawberry/strawberry_308.jpg
113	7288	/home/lol/dl/dlbp/image/examples/strawberry/strawberry_060.jpg
114	10507	/home/lol/dl/dlbp/image/examples/strawberry/strawberry_078.jpg
115	7626	/home/lol/dl/dlbp/image/examples/strawberry/strawberry_107.jpg
116	4139	/home/lol/dl/dlbp/image/examples/strawberry/strawberry_004.jpg
117	4139	/home/lol/dl/dlbp/image/examples/strawberry/strawberry_106.jpg
118	7626	/home/lol/dl/dlbp/image/examples/strawberry/strawberry_218.jpg
119	7626	/home/lol/dl/dlbp/image/examples/strawberry/strawberry_161.jpg
120	7626	/home/lol/dl/dlbp/image/examples/strawberry/strawberry_164.jpg
121	7626	/home/lol/dl/dlbp/image/examples/strawberry/strawberry_038.jpg
122	4139	/home/lol/dl/dlbp/image/examples/strawberry/strawberry_068.jpg
123	7626	/home/lol/dl/dlbp/image/examples/strawberry/strawberry_212.jpg
124	7626	/home/lol/dl/dlbp/image/examples/strawberry/strawberry_146.jpg
125	7626	/home/lol/dl/dlbp/image/examples/strawberry/strawberry_283.jpg
126	7626	/home/lol/dl/dlbp/image/examples/strawberry/strawberry_321.jpg
127	7626	/home/lol/dl/dlbp/image/examples/strawberry/strawberry_306.jpg
128	7626	/home/lol/dl/dlbp/image/examples/strawberry/strawberry_300.jpg
129	2458	/home/lol/dl/dlbp/image/examples/strawberry/strawberry_013.jpg
130	4139	/home/lol/dl/dlbp/image/examples/strawberry/strawberry_042.jpg
131	4139	/home/lol/dl/dlbp/image/examples/strawberry/strawberry_157.jpg
132	7802	/home/lol/dl/dlbp/image/examples/strawberry/strawberry_123.jpg
133	7651	/home/lol/dl/dlbp/image/examples/strawberry/strawberry_014.jpg
134	7608	/home/lol/dl/dlbp/image/examples/strawberry/strawberry_181.jpg
135	6206	/home/lol/dl/dlbp/image/examples/strawberry/strawberry_034.jpg
136	7626	/home/lol/dl/dlbp/image/examples/strawberry/strawberry_225.jpg
137	7890	/home/lol/dl/dlbp/image/examples/strawberry/strawberry_072.jpg
138	7626	/home/lol/dl/dlbp/image/examples/strawberry/strawberry_024.jpg
139	4139	/home/lol/dl/dlbp/image/examples/strawberry/strawberry_096.jpg
140	7626	/home/lol/dl/dlbp/image/examples/strawberry/strawberry_209.jpg
141	7626	/home/lol/dl/dlbp/image/examples/strawberry/strawberry_192.jpg
142	7626	/home/lol/dl/dlbp/image/examples/strawberry/strawberry_214.jpg
143	7626	/home/lol/dl/dlbp/image/examples/strawberry/strawberry_114.jpg
144	7626	/home/lol/dl/dlbp/image/examples/strawberry/strawberry_029.jpg
145	7626	/home/lol/dl/dlbp/image/examples/strawberry/strawberry_341.jpg
146	8187	/home/lol/dl/dlbp/image/examples/strawberry/strawberry_188.jpg
147	7626	/home/lol/dl/dlbp/image/examples/strawberry/strawberry_202.jpg
148	7626	/home/lol/dl/dlbp/image/examples/strawberry/strawberry_187.jpg
149	7626	/home/lol/dl/dlbp/image/examples/strawberry/strawberry_170.jpg
150	7626	/home/lol/dl/dlbp/image/examples/strawberry/strawberry_269.jpg
151	4139	/home/lol/dl/dlbp/image/examples/strawberry/strawberry_126.jpg
152	4139	/home/lol/dl/dlbp/image/examples/strawberry/strawberry_009.jpg
153	4139	/home/lol/dl/dlbp/image/examples/strawberry/strawberry_086.jpg
154	4139	/home/lol/dl/dlbp/image/examples/strawberry/strawberry_003.jpg
155	7626	/home/lol/dl/dlbp/image/examples/strawberry/strawberry_323.jpg
156	7626	/home/lol/dl/dlbp/image/examples/strawberry/strawberry_288.jpg
157	7626	/home/lol/dl/dlbp/image/examples/strawberry/strawberry_358.jpg
158	7626	/home/lol/dl/dlbp/image/examples/strawberry/strawberry_185.jpg
159	7626	/home/lol/dl/dlbp/image/examples/strawberry/strawberry_165.jpg
160	7626	/home/lol/dl/dlbp/image/examples/strawberry/strawberry_247.jpg
161	7626	/home/lol/dl/dlbp/image/examples/strawberry/strawberry_297.jpg
162	7626	/home/lol/dl/dlbp/image/examples/strawberry/strawberry_159.jpg
163	7626	/home/lol/dl/dlbp/image/examples/strawberry/strawberry_344.jpg
164	7626	/home/lol/dl/dlbp/image/examples/strawberry/strawberry_231.jpg
165	7626	/home/lol/dl/dlbp/image/examples/strawberry/strawberry_281.jpg
166	7626	/home/lol/dl/dlbp/image/examples/strawberry/strawberry_271.jpg
167	7626	/home/lol/dl/dlbp/image/examples/strawberry/strawberry_350.jpg
168	7626	/home/lol/dl/dlbp/image/examples/strawberry/strawberry_312.jpg
169	7626	/home/lol/dl/dlbp/image/examples/strawberry/strawberry_240.jpg
170	7626	/home/lol/dl/dlbp/image/examples/strawberry/strawberry_183.jpg
171	7626	/home/lol/dl/dlbp/image/examples/strawberry/strawberry_359.jpg
172	7626	/home/lol/dl/dlbp/image/examples/strawberry/strawberry_116.jpg
173	7626	/home/lol/dl/dlbp/image/examples/strawberry/strawberry_262.jpg
174	7626	/home/lol/dl/dlbp/image/examples/strawberry/strawberry_017.jpg
175	9288	/home/lol/dl/dlbp/image/examples/strawberry/strawberry_152.jpg
176	7626	/home/lol/dl/dlbp/image/examples/strawberry/strawberry_175.jpg
177	7626	/home/lol/dl/dlbp/image/examples/strawberry/strawberry_153.jpg
178	7626	/home/lol/dl/dlbp/image/examples/strawberry/strawberry_357.jpg
179	7626	/home/lol/dl/dlbp/image/examples/strawberry/strawberry_332.jpg
180	10507	/home/lol/dl/dlbp/image/examples/strawberry/strawberry_044.jpg
181	7626	/home/lol/dl/dlbp/image/examples/strawberry/strawberry_219.jpg
182	7626	/home/lol/dl/dlbp/image/examples/strawberry/strawberry_360.jpg
183	7626	/home/lol/dl/dlbp/image/examples/strawberry/strawberry_205.jpg
184	6206	/home/lol/dl/dlbp/image/examples/strawberry/strawberry_098.jpg
185	7626	/home/lol/dl/dlbp/image/examples/strawberry/strawberry_291.jpg
186	7626	/home/lol/dl/dlbp/image/examples/strawberry/strawberry_213.jpg
187	7626	/home/lol/dl/dlbp/image/examples/strawberry/strawberry_335.jpg
188	7626	/home/lol/dl/dlbp/image/examples/strawberry/strawberry_285.jpg
189	7626	/home/lol/dl/dlbp/image/examples/strawberry/strawberry_254.jpg
190	7626	/home/lol/dl/dlbp/image/examples/strawberry/strawberry_101.jpg
191	7626	/home/lol/dl/dlbp/image/examples/strawberry/strawberry_043.jpg
192	7626	/home/lol/dl/dlbp/image/examples/strawberry/strawberry_124.jpg
193	7626	/home/lol/dl/dlbp/image/examples/strawberry/strawberry_069.jpg
194	7626	/home/lol/dl/dlbp/image/examples/strawberry/strawberry_031.jpg
195	7626	/home/lol/dl/dlbp/image/examples/strawberry/strawberry_162.jpg
196	4139	/home/lol/dl/dlbp/image/examples/strawberry/strawberry_025.jpg
197	7626	/home/lol/dl/dlbp/image/examples/strawberry/strawberry_145.jpg
198	11075	/home/lol/dl/dlbp/image/examples/strawberry/strawberry_063.jpg
199	7626	/home/lol/dl/dlbp/image/examples/strawberry/strawberry_347.jpg
200	4139	/home/lol/dl/dlbp/image/examples/strawberry/strawberry_019.jpg
201	7626	/home/lol/dl/dlbp/image/examples/strawberry/strawberry_310.jpg
202	7626	/home/lol/dl/dlbp/image/examples/strawberry/strawberry_328.jpg
203	7626	/home/lol/dl/dlbp/image/examples/strawberry/strawberry_234.jpg
204	7626	/home/lol/dl/dlbp/image/examples/strawberry/strawberry_128.jpg
205	7626	/home/lol/dl/dlbp/image/examples/strawberry/strawberry_144.jpg
206	7626	/home/lol/dl/dlbp/image/examples/strawberry/strawberry_311.jpg
207	4139	/home/lol/dl/dlbp/image/examples/strawberry/strawberry_016.jpg
208	7608	/home/lol/dl/dlbp/image/examples/strawberry/strawberry_111.jpg
209	5401	/home/lol/dl/dlbp/image/examples/strawberry/strawberry_090.jpg
210	7626	/home/lol/dl/dlbp/image/examples/strawberry/strawberry_196.jpg
211	7626	/home/lol/dl/dlbp/image/examples/strawberry/strawberry_239.jpg
212	7626	/home/lol/dl/dlbp/image/examples/strawberry/strawberry_338.jpg
213	7626	/home/lol/dl/dlbp/image/examples/strawberry/strawberry_115.jpg
214	7626	/home/lol/dl/dlbp/image/examples/strawberry/strawberry_132.jpg
215	7626	/home/lol/dl/dlbp/image/examples/strawberry/strawberry_351.jpg
216	7626	/home/lol/dl/dlbp/image/examples/strawberry/strawberry_207.jpg
217	7626	/home/lol/dl/dlbp/image/examples/strawberry/strawberry_330.jpg
218	7626	/home/lol/dl/dlbp/image/examples/strawberry/strawberry_195.jpg
219	4139	/home/lol/dl/dlbp/image/examples/strawberry/strawberry_053.jpg
220	7626	/home/lol/dl/dlbp/image/examples/strawberry/strawberry_211.jpg
221	7626	/home/lol/dl/dlbp/image/examples/strawberry/strawberry_263.jpg
222	7626	/home/lol/dl/dlbp/image/examples/strawberry/strawberry_261.jpg
223	7626	/home/lol/dl/dlbp/image/examples/strawberry/strawberry_264.jpg
224	4139	/home/lol/dl/dlbp/image/examples/strawberry/strawberry_006.jpg
225	4139	/home/lol/dl/dlbp/image/examples/strawberry/strawberry_028.jpg
226	7626	/home/lol/dl/dlbp/image/examples/strawberry/strawberry_191.jpg
227	7626	/home/lol/dl/dlbp/image/examples/strawberry/strawberry_290.jpg
228	7626	/home/lol/dl/dlbp/image/examples/strawberry/strawberry_129.jpg
229	7626	/home/lol/dl/dlbp/image/examples/strawberry/strawberry_296.jpg
230	4139	/home/lol/dl/dlbp/image/examples/strawberry/strawberry_085.jpg
231	7626	/home/lol/dl/dlbp/image/examples/strawberry/strawberry_125.jpg
232	7626	/home/lol/dl/dlbp/image/examples/strawberry/strawberry_318.jpg
233	4139	/home/lol/dl/dlbp/image/examples/strawberry/strawberry_118.jpg
234	7626	/home/lol/dl/dlbp/image/examples/strawberry/strawberry_284.jpg
235	6206	/home/lol/dl/dlbp/image/examples/strawberry/strawberry_077.jpg
236	7626	/home/lol/dl/dlbp/image/examples/strawberry/strawberry_208.jpg
237	7626	/home/lol/dl/dlbp/image/examples/strawberry/strawberry_235.jpg
238	7626	/home/lol/dl/dlbp/image/examples/strawberry/strawberry_301.jpg
239	4139	/home/lol/dl/dlbp/image/examples/strawberry/strawberry_015.jpg
240	7626	/home/lol/dl/dlbp/image/examples/strawberry/strawberry_337.jpg
241	1573	/home/lol/dl/dlbp/image/examples/cat/cat_177.jpg
242	1573	/home/lol/dl/dlbp/image/examples/cat/cat_246.jpg
243	1573	/home/lol/dl/dlbp/image/examples/cat/cat_034.jpg
244	1573	/home/lol/dl/dlbp/image/examples/cat/cat_284.jpg
245	1573	/home/lol/dl/dlbp/image/examples/cat/cat_057.jpg
246	1573	/home/lol/dl/dlbp/image/examples/cat/cat_266.jpg
247	1573	/home/lol/dl/dlbp/image/examples/cat/cat_227.jpg
248	1573	/home/lol/dl/dlbp/image/examples/cat/cat_225.jpg
249	1573	/home/lol/dl/dlbp/image/examples/cat/cat_062.jpg
250	276	/home/lol/dl/dlbp/image/examples/cat/cat_016.jpg
251	1582	/home/lol/dl/dlbp/image/examples/cat/cat_027.jpg
252	1573	/home/lol/dl/dlbp/image/examples/cat/cat_193.jpg
253	2216	/home/lol/dl/dlbp/image/examples/cat/cat_026.jpg
254	1573	/home/lol/dl/dlbp/image/examples/cat/cat_075.jpg
255	1573	/home/lol/dl/dlbp/image/examples/cat/cat_096.jpg
256	2161	/home/lol/dl/dlbp/image/examples/cat/cat_318.jpg
257	1573	/home/lol/dl/dlbp/image/examples/cat/cat_245.jpg
258	1573	/home/lol/dl/dlbp/image/examples/cat/cat_330.jpg
259	2204	/home/lol/dl/dlbp/image/examples/cat/cat_346.jpg
260	1573	/home/lol/dl/dlbp/image/examples/cat/cat_212.jpg
261	2211	/home/lol/dl/dlbp/image/examples/cat/cat_158.jpg
262	1573	/home/lol/dl/dlbp/image/examples/cat/cat_286.jpg
263	1573	/home/lol/dl/dlbp/image/examples/cat/cat_053.jpg
264	1573	/home/lol/dl/dlbp/image/examples/cat/cat_119.jpg
265	1573	/home/lol/dl/dlbp/image/examples/cat/cat_302.jpg
266	1898	/home/lol/dl/dlbp/image/examples/cat/cat_342.jpg
267	1579	/home/lol/dl/dlbp/image/examples/cat/cat_056.jpg
268	1573	/home/lol/dl/dlbp/image/examples/cat/cat_147.jpg
269	1582	/home/lol/dl/dlbp/image/examples/cat/cat_160.jpg
270	2207	/home/lol/dl/dlbp/image/examples/cat/cat_316.jpg
271	1573	/home/lol/dl/dlbp/image/examples/cat/cat_189.jpg
272	1573	/home/lol/dl/dlbp/image/examples/cat/cat_324.jpg
273	1582	/home/lol/dl/dlbp/image/examples/cat/cat_117.jpg
274	1573	/home/lol/dl/dlbp/image/examples/cat/cat_169.jpg
275	2211	/home/lol/dl/dlbp/image/examples/cat/cat_022.jpg
276	1573	/home/lol/dl/dlbp/image/examples/cat/cat_179.jpg
277	1573	/home/lol/dl/dlbp/image/examples/cat/cat_262.jpg
278	1573	/home/lol/dl/dlbp/image/examples/cat/cat_298.jpg
279	1582	/home/lol/dl/dlbp/image/examples/cat/cat_301.jpg
280	1573	/home/lol/dl/dlbp/image/examples/cat/cat_182.jpg
281	2135	/home/lol/dl/dlbp/image/examples/cat/cat_358.jpg
282	1573	/home/lol/dl/dlbp/image/examples/cat/cat_043.jpg
283	1573	/home/lol/dl/dlbp/image/examples/cat/cat_297.jpg
284	1573	/home/lol/dl/dlbp/image/examples/cat/cat_313.jpg
285	1573	/home/lol/dl/dlbp/image/examples/cat/cat_311.jpg
286	1573	/home/lol/dl/dlbp/image/examples/cat/cat_059.jpg
287	1573	/home/lol/dl/dlbp/image/examples/cat/cat_184.jpg
288	1573	/home/lol/dl/dlbp/image/examples/cat/cat_019.jpg
289	1573	/home/lol/dl/dlbp/image/examples/cat/cat_079.jpg
290	1573	/home/lol/dl/dlbp/image/examples/cat/cat_185.jpg
291	1582	/home/lol/dl/dlbp/image/examples/cat/cat_230.jpg
292	2204	/home/lol/dl/dlbp/image/examples/cat/cat_144.jpg
293	1582	/home/lol/dl/dlbp/image/examples/cat/cat_237.jpg
294	2211	/home/lol/dl/dlbp/image/examples/cat/cat_188.jpg
295	1573	/home/lol/dl/dlbp/image/examples/cat/cat_037.jpg
296	1573	/home/lol/dl/dlbp/image/examples/cat/cat_122.jpg
297	1573	/home/lol/dl/dlbp/image/examples/cat/cat_350.jpg
298	1582	/home/lol/dl/dlbp/image/examples/cat/cat_178.jpg
299	2204	/home/lol/dl/dlbp/image/examples/cat/cat_274.jpg
300	2197	/home/lol/dl/dlbp/image/examples/cat/cat_216.jpg
301	1573	/home/lol/dl/dlbp/image/examples/cat/cat_165.jpg
302	2197	/home/lol/dl/dlbp/image/examples/cat/cat_220.jpg
303	1573	/home/lol/dl/dlbp/image/examples/cat/cat_111.jpg
304	1573	/home/lol/dl/dlbp/image/examples/cat/cat_215.jpg
305	1577	/home/lol/dl/dlbp/image/examples/cat/cat_050.jpg
306	1573	/home/lol/dl/dlbp/image/examples/cat/cat_253.jpg
307	1573	/home/lol/dl/dlbp/image/examples/cat/cat_280.jpg
308	1573	/home/lol/dl/dlbp/image/examples/cat/cat_161.jpg
309	1573	/home/lol/dl/dlbp/image/examples/cat/cat_320.jpg
310	276	/home/lol/dl/dlbp/image/examples/cat/cat_254.jpg
311	1573	/home/lol/dl/dlbp/image/examples/cat/cat_204.jpg
312	1573	/home/lol/dl/dlbp/image/examples/cat/cat_223.jpg
313	1573	/home/lol/dl/dlbp/image/examples/cat/cat_060.jpg
314	1577	/home/lol/dl/dlbp/image/examples/cat/cat_006.jpg
315	1573	/home/lol/dl/dlbp/image/examples/cat/cat_009.jpg
316	1573	/home/lol/dl/dlbp/image/examples/cat/cat_234.jpg
317	2211	/home/lol/dl/dlbp/image/examples/cat/cat_202.jpg
318	2204	/home/lol/dl/dlbp/image/examples/cat/cat_112.jpg
319	1582	/home/lol/dl/dlbp/image/examples/cat/cat_123.jpg
320	1573	/home/lol/dl/dlbp/image/examples/cat/cat_083.jpg
321	1573	/home/lol/dl/dlbp/image/examples/cat/cat_024.jpg
322	1573	/home/lol/dl/dlbp/image/examples/cat/cat_107.jpg
323	1582	/home/lol/dl/dlbp/image/examples/cat/cat_047.jpg
324	1573	/home/lol/dl/dlbp/image/examples/cat/cat_067.jpg
325	1573	/home/lol/dl/dlbp/image/examples/cat/cat_042.jpg
326	1573	/home/lol/dl/dlbp/image/examples/cat/cat_197.jpg
327	1573	/home/lol/dl/dlbp/image/examples/cat/cat_153.jpg
328	1573	/home/lol/dl/dlbp/image/examples/cat/cat_195.jpg
329	1573	/home/lol/dl/dlbp/image/examples/cat/cat_106.jpg
330	1573	/home/lol/dl/dlbp/image/examples/cat/cat_268.jpg
331	1573	/home/lol/dl/dlbp/image/examples/cat/cat_281.jpg
332	1573	/home/lol/dl/dlbp/image/examples/cat/cat_055.jpg
333	2211	/home/lol/dl/dlbp/image/examples/cat/cat_248.jpg
334	1573	/home/lol/dl/dlbp/image/examples/cat/cat_322.jpg
335	1573	/home/lol/dl/dlbp/image/examples/cat/cat_113.jpg
336	1573	/home/lol/dl/dlbp/image/examples/cat/cat_187.jpg
337	1573	/home/lol/dl/dlbp/image/examples/cat/cat_071.jpg
338	1573	/home/lol/dl/dlbp/image/examples/cat/cat_235.jpg
339	1573	/home/lol/dl/dlbp/image/examples/cat/cat_295.jpg
340	1573	/home/lol/dl/dlbp/image/examples/cat/cat_326.jpg
341	1573	/home/lol/dl/dlbp/image/examples/cat/cat_186.jpg
342	1573	/home/lol/dl/dlbp/image/examples/cat/cat_264.jpg
343	1582	/home/lol/dl/dlbp/image/examples/cat/cat_341.jpg
344	1573	/home/lol/dl/dlbp/image/examples/cat/cat_036.jpg
345	1573	/home/lol/dl/dlbp/image/examples/cat/cat_233.jpg
346	2153	/home/lol/dl/dlbp/image/examples/cat/cat_360.jpg
347	1573	/home/lol/dl/dlbp/image/examples/cat/cat_329.jpg
348	1573	/home/lol/dl/dlbp/image/examples/cat/cat_095.jpg
349	1573	/home/lol/dl/dlbp/image/examples/cat/cat_209.jpg
350	1573	/home/lol/dl/dlbp/image/examples/cat/cat_314.jpg
351	1573	/home/lol/dl/dlbp/image/examples/cat/cat_291.jpg
352	1573	/home/lol/dl/dlbp/image/examples/cat/cat_200.jpg
353	1577	/home/lol/dl/dlbp/image/examples/cat/cat_194.jpg
354	1573	/home/lol/dl/dlbp/image/examples/cat/cat_124.jpg
355	1573	/home/lol/dl/dlbp/image/examples/cat/cat_154.jpg
356	1573	/home/lol/dl/dlbp/image/examples/cat/cat_259.jpg
357	2197	/home/lol/dl/dlbp/image/examples/cat/cat_270.jpg
358	1573	/home/lol/dl/dlbp/image/examples/cat/cat_335.jpg
359	1573	/home/lol/dl/dlbp/image/examples/cat/cat_307.jpg
360	1573	/home/lol/dl/dlbp/image/examples/cat/cat_010.jpg
361	1573	/home/lol/dl/dlbp/image/examples/cat/cat_199.jpg
362	2204	/home/lol/dl/dlbp/image/examples/cat/cat_256.jpg
363	1573	/home/lol/dl/dlbp/image/examples/cat/cat_029.jpg
364	1573	/home/lol/dl/dlbp/image/examples/cat/cat_323.jpg
365	1582	/home/lol/dl/dlbp/image/examples/cat/cat_239.jpg
366	1582	/home/lol/dl/dlbp/image/examples/cat/cat_131.jpg
367	1582	/home/lol/dl/dlbp/image/examples/cat/cat_265.jpg
368	1573	/home/lol/dl/dlbp/image/examples/cat/cat_175.jpg
369	1582	/home/lol/dl/dlbp/image/examples/cat/cat_173.jpg
370	1573	/home/lol/dl/dlbp/image/examples/cat/cat_293.jpg
371	1573	/home/lol/dl/dlbp/image/examples/cat/cat_078.jpg
372	1573	/home/lol/dl/dlbp/image/examples/cat/cat_155.jpg
373	1573	/home/lol/dl/dlbp/image/examples/cat/cat_104.jpg
374	1573	/home/lol/dl/dlbp/image/examples/cat/cat_033.jpg
375	1573	/home/lol/dl/dlbp/image/examples/cat/cat_244.jpg
376	1573	/home/lol/dl/dlbp/image/examples/cat/cat_129.jpg
377	1573	/home/lol/dl/dlbp/image/examples/cat/cat_101.jpg
378	1573	/home/lol/dl/dlbp/image/examples/cat/cat_260.jpg
379	1573	/home/lol/dl/dlbp/image/examples/cat/cat_015.jpg
380	1577	/home/lol/dl/dlbp/image/examples/cat/cat_228.jpg
381	1573	/home/lol/dl/dlbp/image/examples/cat/cat_345.jpg
382	1573	/home/lol/dl/dlbp/image/examples/cat/cat_356.jpg
383	2204	/home/lol/dl/dlbp/image/examples/cat/cat_232.jpg
384	1573	/home/lol/dl/dlbp/image/examples/cat/cat_146.jpg
385	1573	/home/lol/dl/dlbp/image/examples/cat/cat_133.jpg
386	1573	/home/lol/dl/dlbp/image/examples/cat/cat_332.jpg
387	2197	/home/lol/dl/dlbp/image/examples/cat/cat_064.jpg
388	1580	/home/lol/dl/dlbp/image/examples/cat/cat_120.jpg
389	1573	/home/lol/dl/dlbp/image/examples/cat/cat_321.jpg
390	2211	/home/lol/dl/dlbp/image/examples/cat/cat_118.jpg
391	1573	/home/lol/dl/dlbp/image/examples/cat/cat_337.jpg
392	1573	/home/lol/dl/dlbp/image/examples/cat/cat_240.jpg
393	2204	/home/lol/dl/dlbp/image/examples/cat/cat_090.jpg
394	2197	/home/lol/dl/dlbp/image/examples/cat/cat_156.jpg
395	1573	/home/lol/dl/dlbp/image/examples/cat/cat_054.jpg
396	1573	/home/lol/dl/dlbp/image/examples/cat/cat_174.jpg
397	1573	/home/lol/dl/dlbp/image/examples/cat/cat_294.jpg
398	2211	/home/lol/dl/dlbp/image/examples/cat/cat_068.jpg
399	1573	/home/lol/dl/dlbp/image/examples/cat/cat_190.jpg
400	1573	/home/lol/dl/dlbp/image/examples/cat/cat_327.jpg
401	1573	/home/lol/dl/dlbp/image/examples/cat/cat_238.jpg
402	1573	/home/lol/dl/dlbp/image/examples/cat/cat_115.jpg
403	2161	/home/lol/dl/dlbp/image/examples/cat/cat_018.jpg
404	2197	/home/lol/dl/dlbp/image/examples/cat/cat_030.jpg
405	2197	/home/lol/dl/dlbp/image/examples/cat/cat_214.jpg
406	1573	/home/lol/dl/dlbp/image/examples/cat/cat_271.jpg
407	1573	/home/lol/dl/dlbp/image/examples/cat/cat_343.jpg
408	1391	/home/lol/dl/dlbp/image/examples/cat/cat_348.jpg
409	1573	/home/lol/dl/dlbp/image/examples/cat/cat_159.jpg
410	1573	/home/lol/dl/dlbp/image/examples/cat/cat_353.jpg
411	1573	/home/lol/dl/dlbp/image/examples/cat/cat_290.jpg
412	1573	/home/lol/dl/dlbp/image/examples/cat/cat_224.jpg
413	1573	/home/lol/dl/dlbp/image/examples/cat/cat_046.jpg
414	1573	/home/lol/dl/dlbp/image/examples/cat/cat_076.jpg
415	2204	/home/lol/dl/dlbp/image/examples/cat/cat_340.jpg
416	1573	/home/lol/dl/dlbp/image/examples/cat/cat_063.jpg
417	1573	/home/lol/dl/dlbp/image/examples/cat/cat_171.jpg
418	1573	/home/lol/dl/dlbp/image/examples/cat/cat_081.jpg
419	2204	/home/lol/dl/dlbp/image/examples/cat/cat_300.jpg
420	1573	/home/lol/dl/dlbp/image/examples/cat/cat_152.jpg
421	1573	/home/lol/dl/dlbp/image/examples/cat/cat_339.jpg
422	1573	/home/lol/dl/dlbp/image/examples/cat/cat_150.jpg
423	1582	/home/lol/dl/dlbp/image/examples/cat/cat_039.jpg
424	2214	/home/lol/dl/dlbp/image/examples/cat/cat_278.jpg
425	1573	/home/lol/dl/dlbp/image/examples/cat/cat_219.jpg
426	1573	/home/lol/dl/dlbp/image/examples/cat/cat_052.jpg
427	1573	/home/lol/dl/dlbp/image/examples/cat/cat_231.jpg
428	1573	/home/lol/dl/dlbp/image/examples/cat/cat_103.jpg
429	1573	/home/lol/dl/dlbp/image/examples/cat/cat_151.jpg
430	1573	/home/lol/dl/dlbp/image/examples/cat/cat_331.jpg
431	1580	/home/lol/dl/dlbp/image/examples/cat/cat_130.jpg
432	2145	/home/lol/dl/dlbp/image/examples/cat/cat_310.jpg
433	1573	/home/lol/dl/dlbp/image/examples/cat/cat_176.jpg
434	1573	/home/lol/dl/dlbp/image/examples/cat/cat_143.jpg
435	1573	/home/lol/dl/dlbp/image/examples/cat/cat_167.jpg
436	2211	/home/lol/dl/dlbp/image/examples/cat/cat_236.jpg
437	1573	/home/lol/dl/dlbp/image/examples/cat/cat_355.jpg
438	1573	/home/lol/dl/dlbp/image/examples/cat/cat_181.jpg
439	1573	/home/lol/dl/dlbp/image/examples/cat/cat_089.jpg
440	1573	/home/lol/dl/dlbp/image/examples/cat/cat_077.jpg
441	1573	/home/lol/dl/dlbp/image/examples/cat/cat_137.jpg
442	1573	/home/lol/dl/dlbp/image/examples/cat/cat_180.jpg
443	1533	/home/lol/dl/dlbp/image/examples/cat/cat_134.jpg
444	1573	/home/lol/dl/dlbp/image/examples/cat/cat_141.jpg
445	1573	/home/lol/dl/dlbp/image/examples/cat/cat_003.jpg
446	1573	/home/lol/dl/dlbp/image/examples/cat/cat_100.jpg
447	1573	/home/lol/dl/dlbp/image/examples/cat/cat_279.jpg
448	1573	/home/lol/dl/dlbp/image/examples/cat/cat_168.jpg
449	2204	/home/lol/dl/dlbp/image/examples/cat/cat_276.jpg
450	1573	/home/lol/dl/dlbp/image/examples/cat/cat_082.jpg
451	1573	/home/lol/dl/dlbp/image/examples/cat/cat_305.jpg
452	1573	/home/lol/dl/dlbp/image/examples/cat/cat_048.jpg
453	1573	/home/lol/dl/dlbp/image/examples/cat/cat_085.jpg
454	2204	/home/lol/dl/dlbp/image/examples/cat/cat_344.jpg
455	1582	/home/lol/dl/dlbp/image/examples/cat/cat_211.jpg
456	1573	/home/lol/dl/dlbp/image/examples/cat/cat_140.jpg
457	1582	/home/lol/dl/dlbp/image/examples/cat/cat_005.jpg
458	2204	/home/lol/dl/dlbp/image/examples/cat/cat_012.jpg
459	1573	/home/lol/dl/dlbp/image/examples/cat/cat_098.jpg
460	1573	/home/lol/dl/dlbp/image/examples/cat/cat_061.jpg
461	1573	/home/lol/dl/dlbp/image/examples/cat/cat_292.jpg
462	1573	/home/lol/dl/dlbp/image/examples/cat/cat_296.jpg
463	1533	/home/lol/dl/dlbp/image/examples/cat/cat_328.jpg
464	1573	/home/lol/dl/dlbp/image/examples/cat/cat_207.jpg
465	1573	/home/lol/dl/dlbp/image/examples/cat/cat_203.jpg
466	2211	/home/lol/dl/dlbp/image/examples/cat/cat_128.jpg
467	1582	/home/lol/dl/dlbp/image/examples/cat/cat_357.jpg
468	1573	/home/lol/dl/dlbp/image/examples/cat/cat_087.jpg
469	1573	/home/lol/dl/dlbp/image/examples/cat/cat_285.jpg
470	1573	/home/lol/dl/dlbp/image/examples/cat/cat_226.jpg
471	1573	/home/lol/dl/dlbp/image/examples/cat/cat_102.jpg
472	1573	/home/lol/dl/dlbp/image/examples/cat/cat_222.jpg
473	1573	/home/lol/dl/dlbp/image/examples/cat/cat_277.jpg
474	1635	/home/lol/dl/dlbp/image/examples/cat/cat_110.jpg
475	1573	/home/lol/dl/dlbp/image/examples/cat/cat_349.jpg
476	2197	/home/lol/dl/dlbp/image/examples/cat/cat_172.jpg
477	1879	/home/lol/dl/dlbp/image/examples/cat/cat_004.jpg
478	1573	/home/lol/dl/dlbp/image/examples/cat/cat_041.jpg
479	1573	/home/lol/dl/dlbp/image/examples/cat/cat_272.jpg
480	2197	/home/lol/dl/dlbp/image/examples/cat/cat_080.jpg
481	1573	/home/lol/dl/dlbp/image/examples/cat/cat_205.jpg
